yyyyyyyyyyyyyyyyy
12345
